Lab805_1@805-15 MINGW64 ~/OneDrive/Documents/SEPM_100_T22
$ git config --global user.name "aayushraul"
Lab805_16805-15 MINGW64 ~/OneDrive/Documents/SEPM_100_T22
$ git config --global user.email "rohrasiya196@gmail.com"
Lab805_1@805-15 MINGW64 ~/OneDrive/Documents/SEPM_100_T22
$ git config --global --list
user.name=aayushraul
user.email-aayushraul1997@gmail.com
Lab805_16805-15 MINGW64 ~/OneDrive/Documents/SEPM_100_T22
$ git init
Initialized empty Git repository in C:/Users/Lab805_1/OneDrive/Documents/SEPM_10
0_T22/.git/
Lab805_1@805-15 MINGW64 ~/OneDrive/Documents/SEPM_100_T22 (master)
$ git add.
Lab805_16805-15 MINGW64 ~/OneDrive/Documents/SEPM_100_T22 (master)
$ git commit -m "First commit"
On branch master
Initial commit
nothing to commit (create/copy files and use "git add" to track)
Lab805_16805-15 MINGW64 ~/OneDrive/Documents/SEPM_100_T22 (master)
$ touch index.html
Lab805 10805-15 MINGW64 ~/OneDrive/Documents/SEPM_100_T22 (master)
$ 1s
bash: 1s: command not found
Lab805_1@805-15 MINGW64 ~/OneDrive/Documents/SEPM_100_T22 (master)
$ 15
index.html
Lab805_1@805-15 MINGW64 ~/OneDrive/Documents/SEPM_100_T22 (master)
$ git status
On branch master
No commits yet
Untracked files:
(use "git add <file>..." to include in what will be committed)
index.html
nothing added to commit but untracked files present (use "git add" to track)
Lab805_1@805-15 MINGW64 ~/OneDrive/Documents/SEPM_100_T22 (master)
$ git add
Lab805_1@805-15 MINGW64 ~/OneDrive/Documents/SEPM_100_T22 (master)
$ git commit -m "First Commit"
[master (root-commit) 92db033] First Commit
1 file changed, O insertions (+), 0 deletions(-)
create mode 100644 index.html
Lab805 10805-15 MINGW64 ~/OneDrive/Documents/SEPM_100_T22 (master)
$ git remote add origin https://github.com/siyarohra/T22_100_SEPMLAB.git
Lab805_1@805-15 MINGW64 ~/OneDrive/Documents/SEPM_100_T22 (master)
$ git remote -v
origin https://github.com/siyarohra/T22_100_SEPMLAB.git (fetch)
origin https://github.com/siyarohra/T22_100_SEPMLAB.git (push)
Lab805_1@805-15 MINGW64 ~/OneDrive/Documents/SEPM_100_T22 (master)
$ git push u origin master
fatal: User cancelled dialog.
Lab805_1@805-15 MINGW64 ~/OneDrive/Documents/SEPM_100_T22 (master)
$ git push u origin master
info: please complete authentication in your browser...
Enumerating objects: 3, done.
Counting objects: 100% (3/3), done.
Writing objects: 100% (3/3), 214 bytes | 214.00 KiB/s, done.
Total 3 (delta 0), reused 0 (delta 0), pack-reused 0 (from 0)
To https://github.com/siyarohra/T22_100_SEPMLAB.git
* [new branch] master -> master
branch 'master' set up to track 'origin/master'.
Lab805-10805-15 MINGW64 ~/OneDrive/Documents/SEPM_100_T22 (master)